---
source: tests/generator_tests.rs
expression: script
---
SET TIME ZONE 'UTC';
SET DateStyle = 'ISO, MDY';
SET bytea_output = 'hex';

-- Owner identities that are rows of users
SELECT 'owner_grants_owner:' || CASE WHEN "id"::text ~ '^[A-Za-z0-9._@-]+$' THEN "id"::text ELSE '~' || encode(convert_to("id"::text, 'UTF8'), 'hex') END AS object, 'owner_user' AS relation, 'user:' || CASE WHEN "id"::text ~ '^[A-Za-z0-9._@-]+$' THEN "id"::text ELSE '~' || encode(convert_to("id"::text, 'UTF8'), 'hex') END AS subject
FROM "public"."users"
WHERE "id" IS NOT NULL;

-- Owner identities that are rows of teams
SELECT 'owner_grants_owner:' || CASE WHEN "id"::text ~ '^[A-Za-z0-9._@-]+$' THEN "id"::text ELSE '~' || encode(convert_to("id"::text, 'UTF8'), 'hex') END AS object, 'owner_team' AS relation, 'team:' || CASE WHEN "id"::text ~ '^[A-Za-z0-9._@-]+$' THEN "id"::text ELSE '~' || encode(convert_to("id"::text, 'UTF8'), 'hex') END AS subject
FROM "public"."teams"
WHERE "id" IS NOT NULL;

-- Explicit grants over owner_grants_owner identities (role_id: 2=viewer, 3=editor, 4=admin)
SELECT
  'owner_grants_owner:' || CASE WHEN og."granted_owner_id"::text ~ '^[A-Za-z0-9._@-]+$' THEN og."granted_owner_id"::text ELSE '~' || encode(convert_to(og."granted_owner_id"::text, 'UTF8'), 'hex') END AS object,
  CASE og."role_id"
    WHEN 2 THEN 'grant_viewer'
    WHEN 3 THEN 'grant_editor'
    WHEN 4 THEN 'grant_admin'
  END AS relation,
  CASE
    WHEN u."id" IS NOT NULL THEN 'user:' || CASE WHEN og."grantee_owner_id"::text ~ '^[A-Za-z0-9._@-]+$' THEN og."grantee_owner_id"::text ELSE '~' || encode(convert_to(og."grantee_owner_id"::text, 'UTF8'), 'hex') END
    WHEN t."id" IS NOT NULL THEN 'team:' || CASE WHEN og."grantee_owner_id"::text ~ '^[A-Za-z0-9._@-]+$' THEN og."grantee_owner_id"::text ELSE '~' || encode(convert_to(og."grantee_owner_id"::text, 'UTF8'), 'hex') END
  END AS subject
FROM "public"."owner_grants" og
LEFT JOIN "public"."users" u ON u."id" = og."grantee_owner_id"
                 LEFT JOIN "public"."teams" t ON t."id" = og."grantee_owner_id"
WHERE og."role_id" IN (2, 3, 4)
AND (u."id" IS NOT NULL OR t."id" IS NOT NULL);

-- Team memberships
SELECT 'team:' || CASE WHEN "team_id"::text ~ '^[A-Za-z0-9._@-]+$' THEN "team_id"::text ELSE '~' || encode(convert_to("team_id"::text, 'UTF8'), 'hex') END AS object, 'member' AS relation, 'user:' || CASE WHEN "user_id"::text ~ '^[A-Za-z0-9._@-]+$' THEN "user_id"::text ELSE '~' || encode(convert_to("user_id"::text, 'UTF8'), 'hex') END AS subject
FROM "public"."team_members"
WHERE "team_id" IS NOT NULL
AND "user_id" IS NOT NULL;

-- samples to owner_grants_owner bridge for tuple-to-userset
SELECT 'samples:' || CASE WHEN "id"::text ~ '^[A-Za-z0-9._@-]+$' THEN "id"::text ELSE '~' || encode(convert_to("id"::text, 'UTF8'), 'hex') END AS object, 'owner_id' AS relation, 'owner_grants_owner:' || CASE WHEN "owner_id"::text ~ '^[A-Za-z0-9._@-]+$' THEN "owner_id"::text ELSE '~' || encode(convert_to("owner_id"::text, 'UTF8'), 'hex') END AS subject
FROM "public"."samples"
WHERE "id" IS NOT NULL
AND "owner_id" IS NOT NULL;

-- spectra to owner_grants_owner bridge for tuple-to-userset
SELECT 'spectra:' || CASE WHEN "id"::text ~ '^[A-Za-z0-9._@-]+$' THEN "id"::text ELSE '~' || encode(convert_to("id"::text, 'UTF8'), 'hex') END AS object, 'owner_id' AS relation, 'owner_grants_owner:' || CASE WHEN "owner_id"::text ~ '^[A-Za-z0-9._@-]+$' THEN "owner_id"::text ELSE '~' || encode(convert_to("owner_id"::text, 'UTF8'), 'hex') END AS subject
FROM "public"."spectra"
WHERE "id" IS NOT NULL
AND "owner_id" IS NOT NULL;
