---
source: tests/generator_tests.rs
expression: "tuple_generator::format_tuples(&tuples)"
---
-- Every docs row is judged by the scope scope_member_authenticated_f25743be
SELECT 'docs:' || CASE WHEN "id"::text ~ '^[A-Za-z0-9._@-]+$' THEN "id"::text ELSE '~' || encode(convert_to("id"::text, 'UTF8'), 'hex') END AS object, 'scope_member_authenticated_f25743be' AS relation, 'pg_role_scope:scope_member_authenticated_f25743be' AS subject
FROM "docs"
WHERE "id" IS NOT NULL;

-- Scope scope_member_authenticated_f25743be admits PostgreSQL role 'authenticated', which the policy decides rather than any row
SELECT 'pg_role_scope:scope_member_authenticated_f25743be' AS object, 'roles' AS relation, 'pg_role:authenticated' AS subject;
